// Vitest Snapshot v1, https://vitest.dev/guide/snapshot.html

exports[`pgf-docs corpus regression > extracts snippets and tracks parse+semantic+svg quality metrics 1`] = `
{
  "extraction": {
    "filesScanned": 103,
    "incompleteSnippets": 736,
    "parserInputInlineSnippets": 1080,
    "parserInputSnippets": 2187,
    "tikzInlineSnippets": 1265,
    "tikzPictureSnippets": 1107,
    "totalSnippets": 2372,
  },
  "parse": {
    "failedHard": 0,
    "parsedClean": 1079,
    "parsedWithRecovery": 1108,
    "recoverableRate": 0.5066,
  },
  "sampleHardFailures": [],
  "semantic": {
    "elementTotals": {
      "circles": 410,
      "ellipses": 43,
      "paths": 5795,
      "texts": 2684,
      "total": 8932,
    },
    "semanticEmptySceneRate": 0.407,
    "semanticEmptySceneSnippets": 890,
    "semanticErrorRate": 0.0645,
    "semanticErrorSnippets": 141,
    "semanticUnsupportedRate": 0.6072,
    "semanticUnsupportedSnippets": 1328,
    "semanticWarningRate": 0.6168,
    "semanticWarningSnippets": 1349,
  },
  "semanticCoverage": {
    "allUnknownSnippetRate": 0.273,
    "pathItemTotals": {
      "commentItemRate": 0.0021,
      "commentItems": 28,
      "coordinateItemRate": 0.4184,
      "coordinateItems": 5562,
      "coordinateOperationItemRate": 0.004,
      "coordinateOperationItems": 53,
      "keywordItemRate": 0.2378,
      "keywordItems": 3161,
      "letOperationItemRate": 0.0008,
      "letOperationItems": 10,
      "nodeItemRate": 0.1115,
      "nodeItems": 1482,
      "optionItemRate": 0.1398,
      "optionItems": 1858,
      "svgOperationItemRate": 0.0002,
      "svgOperationItems": 2,
      "toOperationItemRate": 0.0083,
      "toOperationItems": 110,
      "totalPathItems": 13295,
      "unknownPathItemRate": 0.0774,
      "unknownPathItems": 1029,
    },
    "snippetCoordinateCoverageRate": 0.5245,
    "snippetNodeCoverageRate": 0.2881,
    "snippetPathCoverageRate": 0.7028,
    "snippetsAllUnknownStatements": 597,
    "snippetsWithCoordinateItems": 1147,
    "snippetsWithNodeItems": 630,
    "snippetsWithPathStatements": 1537,
    "statementTotals": {
      "foreachStatements": 196,
      "pathStatementRate": 0.6697,
      "pathStatements": 3603,
      "scopeStatements": 104,
      "totalStatements": 5380,
      "unknownStatementRate": 0.2745,
      "unknownStatements": 1477,
    },
  },
  "topDiagnosticCodes": [
    {
      "code": "parse-error",
      "count": 4210,
    },
    {
      "code": "missing-option-close",
      "count": 324,
    },
    {
      "code": "missing-group-close",
      "count": 58,
    },
    {
      "code": "malformed-coordinate",
      "count": 46,
    },
  ],
  "topRecoveryFiles": [
    {
      "count": 156,
      "filePath": "pgfmanual-en-tikz-graphs.tex",
    },
    {
      "count": 154,
      "filePath": "pgfmanual-en-dv-stylesheets.tex",
    },
    {
      "count": 84,
      "filePath": "pgfmanual-en-dv-axes.tex",
    },
    {
      "count": 66,
      "filePath": "pgfmanual-en-tikz-animations.tex",
    },
    {
      "count": 48,
      "filePath": "pgfmanual-en-base-animations.tex",
    },
    {
      "count": 36,
      "filePath": "pgfmanual-en-base-transformations.tex",
    },
    {
      "count": 35,
      "filePath": "pgfmanual-en-tikz-shapes.tex",
    },
    {
      "count": 23,
      "filePath": "pgfmanual-en-library-plot-handlers.tex",
    },
    {
      "count": 22,
      "filePath": "pgfmanual-en-dv-visualizers.tex",
    },
    {
      "count": 20,
      "filePath": "pgfmanual-en-base-points.tex",
    },
  ],
  "topSemanticDiagnosticCodes": [
    {
      "code": "unsupported-statement",
      "count": 1680,
    },
    {
      "code": "unknown-named-coordinate:new velocity",
      "count": 304,
    },
    {
      "code": "foreach-body-parse-error",
      "count": 271,
    },
    {
      "code": "unsupported-path-operator",
      "count": 225,
    },
    {
      "code": "unsupported-path-keyword",
      "count": 224,
    },
    {
      "code": "invalid-cartesian-coordinate:(rand,rand)",
      "count": 203,
    },
    {
      "code": "unknown-named-coordinate:old velocity",
      "count": 203,
    },
    {
      "code": "unsupported-option-key:decoration",
      "count": 151,
    },
    {
      "code": "unsupported-coordinate-form:explicit",
      "count": 92,
    },
    {
      "code": "unsupported-option-flag:decorate",
      "count": 90,
    },
    {
      "code": "unsupported-option-key:pattern",
      "count": 80,
    },
    {
      "code": "unsupported-option-flag:baseline",
      "count": 70,
    },
  ],
  "topSemanticUnsupportedCodes": [
    {
      "code": "unsupported-statement",
      "count": 1680,
    },
    {
      "code": "unsupported-path-operator",
      "count": 225,
    },
    {
      "code": "unsupported-path-keyword",
      "count": 224,
    },
    {
      "code": "unsupported-option-key:decoration",
      "count": 151,
    },
    {
      "code": "unsupported-coordinate-form:explicit",
      "count": 92,
    },
    {
      "code": "unsupported-option-flag:decorate",
      "count": 90,
    },
    {
      "code": "unsupported-option-key:pattern",
      "count": 80,
    },
    {
      "code": "unsupported-option-flag:baseline",
      "count": 70,
    },
    {
      "code": "unsupported-option-flag:post",
      "count": 64,
    },
    {
      "code": "unsupported-option-flag:pre",
      "count": 64,
    },
    {
      "code": "unsupported-option-key:pattern color",
      "count": 63,
    },
    {
      "code": "unsupported-option-key:label",
      "count": 48,
    },
  ],
  "topSemanticUnsupportedFiles": [
    {
      "count": 161,
      "filePath": "pgfmanual-en-dv-stylesheets.tex",
    },
    {
      "count": 156,
      "filePath": "pgfmanual-en-tikz-graphs.tex",
    },
    {
      "count": 83,
      "filePath": "pgfmanual-en-dv-axes.tex",
    },
    {
      "count": 81,
      "filePath": "pgfmanual-en-library-decorations.tex",
    },
    {
      "count": 64,
      "filePath": "pgfmanual-en-library-circuits.tex",
    },
    {
      "count": 48,
      "filePath": "pgfmanual-en-base-animations.tex",
    },
    {
      "count": 38,
      "filePath": "pgfmanual-en-base-transformations.tex",
    },
    {
      "count": 31,
      "filePath": "pgfmanual-en-tikz-transparency.tex",
    },
    {
      "count": 30,
      "filePath": "pgfmanual-en-tikz-actions.tex",
    },
    {
      "count": 25,
      "filePath": "pgfmanual-en-tikz-arrows.tex",
    },
  ],
  "topSvgDiagnosticCodes": [
    {
      "code": "unsupported-shading:color wheel",
      "count": 1,
    },
    {
      "code": "unsupported-shading:color wheel black center",
      "count": 1,
    },
    {
      "code": "unsupported-shading:color wheel white center",
      "count": 1,
    },
    {
      "code": "unsupported-shading:mandelbrot set",
      "count": 1,
    },
    {
      "code": "unsupported-shading:rainbow",
      "count": 1,
    },
    {
      "code": "unsupported-shading:zeit",
      "count": 1,
    },
  ],
}
`;
