// Vitest Snapshot v1, https://vitest.dev/guide/snapshot.html

exports[`pgf-docs corpus regression > extracts snippets and tracks parse+semantic+svg quality metrics 1`] = `
{
  "extraction": {
    "filesScanned": 103,
    "incompleteSnippets": 736,
    "parserInputInlineSnippets": 1080,
    "parserInputSnippets": 2187,
    "tikzInlineSnippets": 1265,
    "tikzPictureSnippets": 1107,
    "totalSnippets": 2372,
  },
  "parse": {
    "failedHard": 0,
    "parsedClean": 921,
    "parsedWithRecovery": 1266,
    "recoverableRate": 0.5789,
  },
  "sampleHardFailures": [],
  "semantic": {
    "elementTotals": {
      "circles": 335,
      "ellipses": 32,
      "paths": 4371,
      "texts": 2642,
      "total": 7380,
    },
    "semanticEmptySceneRate": 0.428,
    "semanticEmptySceneSnippets": 936,
    "semanticErrorRate": 0.1271,
    "semanticErrorSnippets": 278,
    "semanticUnsupportedRate": 0.6475,
    "semanticUnsupportedSnippets": 1416,
    "semanticWarningRate": 0.6516,
    "semanticWarningSnippets": 1425,
  },
  "semanticCoverage": {
    "allUnknownSnippetRate": 0.2716,
    "pathItemTotals": {
      "commentItemRate": 0.0034,
      "commentItems": 48,
      "coordinateItemRate": 0.4155,
      "coordinateItems": 5848,
      "coordinateOperationItemRate": 0.0047,
      "coordinateOperationItems": 66,
      "keywordItemRate": 0.2414,
      "keywordItems": 3397,
      "letOperationItemRate": 0.0007,
      "letOperationItems": 10,
      "nodeItemRate": 0.1128,
      "nodeItems": 1587,
      "optionItemRate": 0.1469,
      "optionItems": 2068,
      "svgOperationItemRate": 0.0001,
      "svgOperationItems": 2,
      "toOperationItemRate": 0.0077,
      "toOperationItems": 109,
      "totalPathItems": 14073,
      "unknownPathItemRate": 0.0667,
      "unknownPathItems": 938,
    },
    "snippetCoordinateCoverageRate": 0.5258,
    "snippetNodeCoverageRate": 0.2899,
    "snippetPathCoverageRate": 0.7032,
    "snippetsAllUnknownStatements": 594,
    "snippetsWithCoordinateItems": 1150,
    "snippetsWithNodeItems": 634,
    "snippetsWithPathStatements": 1538,
    "statementTotals": {
      "foreachStatements": 238,
      "pathStatementRate": 0.6546,
      "pathStatements": 3640,
      "scopeStatements": 99,
      "totalStatements": 5561,
      "unknownStatementRate": 0.2848,
      "unknownStatements": 1584,
    },
  },
  "topDiagnosticCodes": [
    {
      "code": "parse-error",
      "count": 6036,
    },
    {
      "code": "missing-option-close",
      "count": 333,
    },
    {
      "code": "missing-group-close",
      "count": 125,
    },
    {
      "code": "malformed-coordinate",
      "count": 45,
    },
  ],
  "topRecoveryFiles": [
    {
      "count": 156,
      "filePath": "pgfmanual-en-tikz-graphs.tex",
    },
    {
      "count": 154,
      "filePath": "pgfmanual-en-dv-stylesheets.tex",
    },
    {
      "count": 84,
      "filePath": "pgfmanual-en-dv-axes.tex",
    },
    {
      "count": 66,
      "filePath": "pgfmanual-en-tikz-animations.tex",
    },
    {
      "count": 50,
      "filePath": "pgfmanual-en-tikz-shapes.tex",
    },
    {
      "count": 48,
      "filePath": "pgfmanual-en-base-animations.tex",
    },
    {
      "count": 41,
      "filePath": "pgfmanual-en-library-shapes.tex",
    },
    {
      "count": 36,
      "filePath": "pgfmanual-en-base-transformations.tex",
    },
    {
      "count": 26,
      "filePath": "pgfmanual-en-tikz-plots.tex",
    },
    {
      "count": 25,
      "filePath": "pgfmanual-en-library-circuits.tex",
    },
  ],
  "topSemanticDiagnosticCodes": [
    {
      "code": "unsupported-statement",
      "count": 1817,
    },
    {
      "code": "unsupported-path-keyword",
      "count": 1377,
    },
    {
      "code": "foreach-body-parse-error",
      "count": 1139,
    },
    {
      "code": "invalid-coordinate-operation",
      "count": 902,
    },
    {
      "code": "unknown-named-coordinate:new velocity",
      "count": 304,
    },
    {
      "code": "unsupported-path-operator",
      "count": 225,
    },
    {
      "code": "invalid-cartesian-coordinate:(rand,rand)",
      "count": 203,
    },
    {
      "code": "unknown-named-coordinate:old velocity",
      "count": 203,
    },
    {
      "code": "unsupported-option-key:decoration",
      "count": 151,
    },
    {
      "code": "unsupported-coordinate-form:explicit",
      "count": 94,
    },
    {
      "code": "unsupported-option-flag:decorate",
      "count": 90,
    },
    {
      "code": "unsupported-option-key:pattern",
      "count": 80,
    },
  ],
  "topSemanticUnsupportedCodes": [
    {
      "code": "unsupported-statement",
      "count": 1817,
    },
    {
      "code": "unsupported-path-keyword",
      "count": 1377,
    },
    {
      "code": "unsupported-path-operator",
      "count": 225,
    },
    {
      "code": "unsupported-option-key:decoration",
      "count": 151,
    },
    {
      "code": "unsupported-coordinate-form:explicit",
      "count": 94,
    },
    {
      "code": "unsupported-option-flag:decorate",
      "count": 90,
    },
    {
      "code": "unsupported-option-key:pattern",
      "count": 80,
    },
    {
      "code": "unsupported-option-flag:baseline",
      "count": 70,
    },
    {
      "code": "unsupported-option-key:pattern color",
      "count": 63,
    },
    {
      "code": "unsupported-option-key:label",
      "count": 48,
    },
    {
      "code": "unsupported-coordinate-form:unknown",
      "count": 35,
    },
    {
      "code": "unsupported-coordinate-z-component",
      "count": 29,
    },
  ],
  "topSemanticUnsupportedFiles": [
    {
      "count": 161,
      "filePath": "pgfmanual-en-dv-stylesheets.tex",
    },
    {
      "count": 156,
      "filePath": "pgfmanual-en-tikz-graphs.tex",
    },
    {
      "count": 83,
      "filePath": "pgfmanual-en-dv-axes.tex",
    },
    {
      "count": 81,
      "filePath": "pgfmanual-en-library-decorations.tex",
    },
    {
      "count": 72,
      "filePath": "pgfmanual-en-library-circuits.tex",
    },
    {
      "count": 48,
      "filePath": "pgfmanual-en-base-animations.tex",
    },
    {
      "count": 41,
      "filePath": "pgfmanual-en-library-shapes.tex",
    },
    {
      "count": 38,
      "filePath": "pgfmanual-en-base-transformations.tex",
    },
    {
      "count": 31,
      "filePath": "pgfmanual-en-tikz-plots.tex",
    },
    {
      "count": 31,
      "filePath": "pgfmanual-en-tikz-transparency.tex",
    },
  ],
  "topSvgDiagnosticCodes": [
    {
      "code": "unsupported-shading:color wheel",
      "count": 1,
    },
    {
      "code": "unsupported-shading:color wheel black center",
      "count": 1,
    },
    {
      "code": "unsupported-shading:color wheel white center",
      "count": 1,
    },
    {
      "code": "unsupported-shading:mandelbrot set",
      "count": 1,
    },
    {
      "code": "unsupported-shading:rainbow",
      "count": 1,
    },
    {
      "code": "unsupported-shading:zeit",
      "count": 1,
    },
  ],
}
`;
