// Vitest Snapshot v1, https://vitest.dev/guide/snapshot.html

exports[`pgf-docs corpus regression > extracts snippets and tracks parse quality metrics 1`] = `
{
  "extraction": {
    "filesScanned": 103,
    "incompleteSnippets": 736,
    "tikzInlineSnippets": 1265,
    "tikzPictureSnippets": 1107,
    "totalSnippets": 2372,
  },
  "parse": {
    "failedHard": 0,
    "parsedClean": 298,
    "parsedWithRecovery": 809,
    "recoverableRate": 0.7308,
  },
  "sampleHardFailures": [],
  "semanticCoverage": {
    "allUnknownSnippetRate": 0.0777,
    "pathItemTotals": {
      "coordinateItemRate": 0.3915,
      "coordinateItems": 5101,
      "keywordItemRate": 0.2268,
      "keywordItems": 2956,
      "nodeItemRate": 0.1215,
      "nodeItems": 1583,
      "optionItemRate": 0.1493,
      "optionItems": 1945,
      "totalPathItems": 13031,
      "unknownPathItemRate": 0.111,
      "unknownPathItems": 1446,
    },
    "snippetCoordinateCoverageRate": 0.7425,
    "snippetNodeCoverageRate": 0.4264,
    "snippetPathCoverageRate": 0.897,
    "snippetsAllUnknownStatements": 86,
    "snippetsWithCoordinateItems": 822,
    "snippetsWithNodeItems": 472,
    "snippetsWithPathStatements": 993,
    "statementTotals": {
      "pathStatementRate": 0.719,
      "pathStatements": 3201,
      "totalStatements": 4452,
      "unknownStatementRate": 0.281,
      "unknownStatements": 1251,
    },
  },
  "topDiagnosticCodes": [
    {
      "code": "parse-error",
      "count": 4234,
    },
    {
      "code": "malformed-coordinate",
      "count": 245,
    },
    {
      "code": "missing-option-close",
      "count": 208,
    },
    {
      "code": "missing-group-close",
      "count": 106,
    },
  ],
  "topRecoveryFiles": [
    {
      "count": 80,
      "filePath": "pgfmanual-en-library-shapes.tex",
    },
    {
      "count": 41,
      "filePath": "pgfmanual-en-library-decorations.tex",
    },
    {
      "count": 38,
      "filePath": "pgfmanual-en-tikz-shapes.tex",
    },
    {
      "count": 36,
      "filePath": "pgfmanual-en-base-transformations.tex",
    },
    {
      "count": 27,
      "filePath": "pgfmanual-en-library-circuits.tex",
    },
    {
      "count": 27,
      "filePath": "pgfmanual-en-tutorial-chains.tex",
    },
    {
      "count": 25,
      "filePath": "pgfmanual-en-tikz-matrices.tex",
    },
    {
      "count": 24,
      "filePath": "pgfmanual-en-tutorial.tex",
    },
    {
      "count": 23,
      "filePath": "pgfmanual-en-library-plot-handlers.tex",
    },
    {
      "count": 23,
      "filePath": "pgfmanual-en-tikz-coordinates.tex",
    },
  ],
}
`;
